[2026-08-26T14:13:06.715Z][INFO] Command-line: /home/soul514y3r/Unity/Hub/Editor/6000.5.7f1/Editor/Data/Resources/PackageManager/Server/UnityPackageManager server -s 54943 --ipc-path /tmp/Unity-Upm-54943.sock -l 2 --log-file /home/soul514y3r/Unity/Projects/Testing/Logs/upm.log
[2026-08-26T14:13:06.744Z][INFO] IPC server started (IPC path=/tmp/Unity-Upm-54943.sock).
[2026-08-26T14:13:06.744Z][INFO] Hint: To connect to this UPM instance, launch Unity with the command-line parameter -upmIpcPath Upm-54943.
[2026-08-26T14:13:10.731Z][INFO] project:list-packages <-- Request received
params: {}
[2026-08-26T14:13:10.740Z][INFO] project:list-packages <-- Request received
params: {}
[2026-08-26T14:13:10.900Z][INFO] project:list-packages --> 200 (170 ms)
[2026-08-26T14:13:12.929Z][INFO] project:list-packages --> 200 (2189 ms)
[2026-08-26T14:13:13.141Z][INFO] project:list-packages <-- Request received
params: {}
[2026-08-26T14:13:13.155Z][INFO] config:project:get-registries <-- Request received
params: {}
[2026-08-26T14:13:13.163Z][INFO] config:project:get-registries --> 200 (8 ms)
[2026-08-26T14:13:13.196Z][INFO] project:resolve-packages <-- Request received
params: {}
[2026-08-26T14:13:13.248Z][INFO] project:list-packages --> 200 (107 ms)
[2026-08-26T14:13:13.346Z][WARN] Requested version [17.6.0] for package [com.unity.render-pipelines.universal] overridden by built-in package version [17.5.0].
[2026-08-26T14:13:13.346Z][WARN] Requested version [4.9.3] for package [com.unity.searcher] overridden by minimum version [4.9.4].
[2026-08-26T14:13:13.346Z][WARN] Requested version [1.8.14] for package [com.unity.burst] overridden by minimum version [1.8.30].
[2026-08-26T14:13:13.346Z][WARN] Requested version [3.2.0] for package [com.unity.test-framework.performance] overridden by minimum version [3.5.0].
[2026-08-26T14:13:13.347Z][INFO] project:resolve-packages --> 200 (151 ms)
[2026-08-26T14:13:15.031Z][INFO] project:list-packages <-- Request received
params: {}
[2026-08-26T14:13:15.043Z][INFO] project:list-packages <-- Request received
params: {}
[2026-08-26T14:13:15.143Z][INFO] project:list-packages --> 200 (112 ms)
[2026-08-26T14:13:15.175Z][INFO] project:list-packages --> 200 (132 ms)
[2026-08-26T14:13:18.441Z][INFO] project:list-packages <-- Request received
params: {}
[2026-08-26T14:13:18.515Z][INFO] project:list-packages --> 200 (74 ms)
[2026-08-26T14:13:19.655Z][INFO] config:project:get-registries <-- Request received
params: {}
[2026-08-26T14:13:19.657Z][INFO] config:project:get-registries --> 200 (2 ms)
[2026-08-26T14:13:30.277Z][INFO] project:list-packages <-- Request received
params: {}
[2026-08-26T14:13:30.370Z][INFO] project:list-packages --> 200 (93 ms)
[2026-08-26T14:13:33.106Z][INFO] project:list-packages <-- Request received
params: {}
[2026-08-26T14:13:33.199Z][INFO] project:list-packages --> 200 (93 ms)
[2026-08-26T14:13:44.317Z][INFO] project:list-packages <-- Request received
params: {}
[2026-08-26T14:13:44.388Z][INFO] project:list-packages --> 200 (71 ms)
[2026-08-26T14:13:44.510Z][INFO] project:list-packages <-- Request received
params: {}
[2026-08-26T14:13:44.579Z][INFO] project:list-packages --> 200 (69 ms)
[2026-08-26T14:13:44.581Z][INFO] config:project:get-registries <-- Request received
params: {}
[2026-08-26T14:13:44.582Z][INFO] config:project:get-registries --> 200 (1 ms)
[2026-08-26T14:16:21.318Z][INFO] project:list-packages <-- Request received
params: {}
[2026-08-26T14:16:21.421Z][INFO] project:list-packages --> 200 (103 ms)
[2026-08-26T14:16:21.500Z][INFO] project:list-packages <-- Request received
params: {}
[2026-08-26T14:16:21.578Z][INFO] config:project:get-registries <-- Request received
params: {}
[2026-08-26T14:16:21.580Z][INFO] project:list-packages --> 200 (80 ms)
[2026-08-26T14:16:21.581Z][INFO] config:project:get-registries --> 200 (3 ms)
[2026-08-26T14:26:44.444Z][INFO] project:list-packages <-- Request received
params: {}
[2026-08-26T14:26:44.646Z][INFO] project:list-packages <-- Request received
params: {}
[2026-08-26T14:26:44.701Z][INFO] project:list-packages --> 200 (257 ms)
[2026-08-26T14:26:44.720Z][INFO] config:project:get-registries <-- Request received
params: {}
[2026-08-26T14:26:44.724Z][INFO] config:project:get-registries --> 200 (4 ms)
[2026-08-26T14:26:44.770Z][INFO] project:list-packages --> 200 (124 ms)
[2026-08-26T14:29:00.040Z][INFO] project:list-packages <-- Request received
params: {}
[2026-08-26T14:29:00.124Z][INFO] project:list-packages --> 200 (84 ms)
[2026-08-26T14:29:00.246Z][INFO] project:list-packages <-- Request received
params: {}
[2026-08-26T14:29:00.327Z][INFO] config:project:get-registries <-- Request received
params: {}
[2026-08-26T14:29:00.329Z][INFO] project:list-packages --> 200 (83 ms)
[2026-08-26T14:29:00.329Z][INFO] config:project:get-registries --> 200 (2 ms)
[2026-08-26T14:29:13.324Z][INFO] project:list-packages <-- Request received
params: {}
[2026-08-26T14:29:13.400Z][INFO] project:list-packages --> 200 (76 ms)
[2026-08-26T14:29:13.517Z][INFO] project:list-packages <-- Request received
params: {}
[2026-08-26T14:29:13.592Z][INFO] project:list-packages --> 200 (75 ms)
[2026-08-26T14:29:13.598Z][INFO] config:project:get-registries <-- Request received
params: {}
[2026-08-26T14:29:13.599Z][INFO] config:project:get-registries --> 200 (1 ms)
[2026-08-26T14:32:52.391Z][INFO] project:list-packages <-- Request received
params: {}
[2026-08-26T14:32:52.479Z][INFO] project:list-packages --> 200 (88 ms)
[2026-08-26T14:32:52.576Z][INFO] project:list-packages <-- Request received
params: {}
[2026-08-26T14:32:52.657Z][INFO] project:list-packages --> 200 (81 ms)
[2026-08-26T14:32:52.657Z][INFO] config:project:get-registries <-- Request received
params: {}
[2026-08-26T14:32:52.661Z][INFO] config:project:get-registries --> 200 (4 ms)
[2026-08-26T14:35:35.486Z][INFO] project:list-packages <-- Request received
params: {}
[2026-08-26T14:35:35.569Z][INFO] project:list-packages --> 200 (83 ms)
[2026-08-26T14:35:35.669Z][INFO] project:list-packages <-- Request received
params: {}
[2026-08-26T14:35:35.748Z][INFO] config:project:get-registries <-- Request received
params: {}
[2026-08-26T14:35:35.751Z][INFO] project:list-packages --> 200 (82 ms)
[2026-08-26T14:35:35.752Z][INFO] config:project:get-registries --> 200 (4 ms)
[2026-08-26T14:35:54.258Z][INFO] project:list-packages <-- Request received
params: {}
[2026-08-26T14:35:54.339Z][INFO] project:list-packages --> 200 (81 ms)
[2026-08-26T14:35:54.441Z][INFO] project:list-packages <-- Request received
params: {}
[2026-08-26T14:35:54.524Z][INFO] config:project:get-registries <-- Request received
params: {}
[2026-08-26T14:35:54.526Z][INFO] project:list-packages --> 200 (85 ms)
[2026-08-26T14:35:54.530Z][INFO] config:project:get-registries --> 200 (6 ms)
[2026-08-26T14:36:33.531Z][INFO] project:list-packages <-- Request received
params: {}
[2026-08-26T14:36:33.618Z][INFO] project:list-packages --> 200 (87 ms)
[2026-08-26T14:36:33.714Z][INFO] project:list-packages <-- Request received
params: {}
[2026-08-26T14:36:33.792Z][INFO] project:list-packages --> 200 (78 ms)
[2026-08-26T14:36:33.795Z][INFO] config:project:get-registries <-- Request received
params: {}
[2026-08-26T14:36:33.797Z][INFO] config:project:get-registries --> 200 (2 ms)
